[ifingerstudio.com/spondtech/index.html]
[backblue.gif]
[fade.gif]
[index.html]
[ifingerstudio.com/spondtech/wp-content/plugins/instagram-feed/css/sbi-styles.min6fb3.css]
[fonts.googleapis.com/index.html]
[ifingerstudio.com/spondtech/feed/index.html]
[ifingerstudio.com/spondtech/wp-includes/css/dist/block-library/style.minae48.css]
[ifingerstudio.com/spondtech/comments/feed/index.html]
[ifingerstudio.com/spondtech/wp-content/plugins/redux-framework/redux-core/assets/css/extendify-utilities474a.css]
[ifingerstudio.com/spondtech/wp-content/plugins/contact-form-7/includes/css/styles3960.css]
[ifingerstudio.com/spondtech/wp-content/themes/spondtech/assets/css/animate.minae48.css]
[ifingerstudio.com/spondtech/wp-content/themes/spondtech/assets/css/bootstrap.minae48.css]
[ifingerstudio.com/spondtech/wp-content/themes/spondtech/assets/css/aosae48.css]
[ifingerstudio.com/spondtech/wp-content/themes/spondtech/assets/css/magnific-popupae48.css]
[ifingerstudio.com/spondtech/wp-content/themes/spondtech/assets/css/fontawesome-all.minae48.css]
[ifingerstudio.com/spondtech/wp-content/themes/spondtech/assets/css/slickae48.css]
[ifingerstudio.com/spondtech/wp-content/themes/spondtech/assets/css/nice-selectae48.css]
[ifingerstudio.com/spondtech/wp-content/themes/spondtech/assets/css/odometerae48.css]
[ifingerstudio.com/spondtech/wp-includes/css/dashicons.minae48.css]
[ifingerstudio.com/spondtech/wp-content/themes/spondtech/assets/css/gutenberg-customae48.css]
[ifingerstudio.com/spondtech/wp-content/themes/spondtech/assets/css/spondtech-responsiveae48.css]
[ifingerstudio.com/spondtech/wp-content/themes/spondtech/assets/css/spondtech-mainae48.css]
[ifingerstudio.com/spondtech/wp-content/themes/spondtech/styleae48.css]
[ifingerstudio.com/spondtech/wp-content/plugins/elementor/assets/lib/eicons/css/elementor-icons.min3b94.css]
[ifingerstudio.com/spondtech/wp-content/plugins/elementor/assets/css/frontend-lite.minfb6f.css]
[ifingerstudio.com/spondtech/wp-content/plugins/elementor/assets/lib/swiper/css/swiper.min48f5.css]
[ifingerstudio.com/spondtech/wp-content/uploads/elementor/css/post-6d937.css]
[ifingerstudio.com/spondtech/wp-content/uploads/elementor/css/globalf4d8.css]
[ifingerstudio.com/spondtech/wp-content/uploads/elementor/css/post-8f4d8.css]
[ifingerstudio.com/spondtech/wp-content/plugins/spondtech-master/assets/css/flaticonae48.css]
[ifingerstudio.com/spondtech/wp-content/plugins/spondtech-master/assets/css/spondtech-frontendae48.css]
[ifingerstudio.com/spondtech/wp-includes/js/jquery/jquery-migrate.min6b00.js]
[ifingerstudio.com/spondtech/wp-includes/js/jquery/jquery.mina767.js]
[ifingerstudio.com/spondtech/wp-json/index.html]
[ifingerstudio.com/spondtech/wp-json/wp/v2/pages/8.json]
[ifingerstudio.com/spondtech/xmlrpc0db0.php]
[ifingerstudio.com/spondtech/wp-includes/wlwmanifest.xml]
[ifingerstudio.com/spondtech/wp-json/oembed/1.0/embedafaa.json]
[ifingerstudio.com/spondtech/wp-json/oembed/1.0/embedc96a]
[ifingerstudio.com/spondtech/wp-content/uploads/2023/01/favicon.png]
[ifingerstudio.com/spondtech/wp-content/uploads/2023/03/logo.svg]
[ifingerstudio.com/spondtech/404]
[ifingerstudio.com/spondtech/why-choose-us/index.html]
[ifingerstudio.com/spondtech/home-two/index.html]
[ifingerstudio.com/spondtech/wp-content/uploads/2023/03/w-logo-03.png]
[ifingerstudio.com/spondtech/about-us/index.html]
[ifingerstudio.com/spondtech/help-faq/index.html]
[ifingerstudio.com/spondtech/home-three/index.html]
[ifingerstudio.com/spondtech/wp-content/uploads/2023/02/pin-05.jpg]
[ifingerstudio.com/spondtech/our-history/index.html]
[ifingerstudio.com/spondtech/wp-content/uploads/2023/02/pin-06.jpg]
[ifingerstudio.com/spondtech/it-solutions/index.html]
[ifingerstudio.com/spondtech/it-services/index.html]
[ifingerstudio.com/spondtech/it-services-two/index.html]
[ifingerstudio.com/spondtech/wp-content/uploads/2023/02/pin-01.jpg]
[ifingerstudio.com/spondtech/service/analytic-solutions/index.html]
[ifingerstudio.com/spondtech/wp-content/uploads/2023/02/pin-02.jpg]
[ifingerstudio.com/spondtech/team-layout-one/index.html]
[ifingerstudio.com/spondtech/team-layout-two/index.html]
[ifingerstudio.com/spondtech/wp-content/uploads/2023/02/pin-03.jpg]
[ifingerstudio.com/spondtech/teams/robert-amplilian/index.html]
[ifingerstudio.com/spondtech/case-studies-01/index.html]
[ifingerstudio.com/spondtech/case-studies-02/index.html]
[ifingerstudio.com/spondtech/case-studies-03/index.html]
[ifingerstudio.com/spondtech/wp-content/uploads/2023/02/pin-04.jpg]
[ifingerstudio.com/spondtech/portfolios/business-analytics/index.html]
[ifingerstudio.com/spondtech/blog/index.html]
[ifingerstudio.com/spondtech/blog-grid/index.html]
[ifingerstudio.com/spondtech/wp-content/uploads/2023/01/slider_bg01.jpg]
[ifingerstudio.com/spondtech/wp-content/uploads/2023/01/slider_bg02.jpg]
[ifingerstudio.com/spondtech/contact-us/index.html]
[ifingerstudio.com/spondtech/technology-allows-profit-to-serve-the-community/index.html]
[ifingerstudio.com/spondtech/wp-content/uploads/2023/01/support_img01.jpg]
[ifingerstudio.com/spondtech/wp-content/uploads/2023/01/support_img03.jpg]
[ifingerstudio.com/spondtech/wp-content/uploads/2023/01/support_img02.jpg]
[ifingerstudio.com/spondtech/wp-content/uploads/2023/01/support_img04.jpg]
[ifingerstudio.com/spondtech/wp-content/uploads/2023/01/support_shape.png]
[ifingerstudio.com/spondtech/wp-content/uploads/2023/01/icon_shape.png]
[ifingerstudio.com/spondtech/wp-content/uploads/2023/01/services_shape.png]
[ifingerstudio.com/spondtech/wp-content/uploads/2023/02/team_img01.jpg]
[ifingerstudio.com/spondtech/service/branding-support/index.html]
[ifingerstudio.com/spondtech/service/business-planning/index.html]
[ifingerstudio.com/spondtech/service/data-security/index.html]
[ifingerstudio.com/spondtech/wp-content/uploads/2023/02/team_img02.jpg]
[ifingerstudio.com/spondtech/service/it-consultancy/index.html]
[ifingerstudio.com/spondtech/service/it-management/index.html]
[ifingerstudio.com/spondtech/wp-content/uploads/2023/02/team_img03.jpg]
[ifingerstudio.com/spondtech/teams/jenifer-alex/index.html]
[ifingerstudio.com/spondtech/wp-content/uploads/2023/01/brand_img01.png]
[ifingerstudio.com/spondtech/teams/john-doe/index.html]
[ifingerstudio.com/spondtech/wp-content/uploads/2023/01/brand_img02.png]
[ifingerstudio.com/spondtech/wp-content/uploads/2023/01/brand_img03.png]
[ifingerstudio.com/spondtech/wp-content/uploads/2023/01/brand_img04.png]
[ifingerstudio.com/spondtech/wp-content/uploads/2023/01/brand_img05.png]
[ifingerstudio.com/spondtech/wp-content/uploads/2023/01/brand_img06.png]
[ifingerstudio.com/spondtech/wp-content/uploads/2023/01/testimonial-thumb-01.jpg]
[ifingerstudio.com/spondtech/wp-content/uploads/2023/01/testimonial-thumb-02.jpg]
[ifingerstudio.com/spondtech/wp-content/uploads/2023/01/testimonial-thumb-03.jpg]
[ifingerstudio.com/spondtech/wp-content/uploads/2023/01/project_img01.jpg]
[ifingerstudio.com/spondtech/wp-content/uploads/2023/01/project_img02.jpg]
[ifingerstudio.com/spondtech/wp-content/uploads/2023/01/project_img03.jpg]
[ifingerstudio.com/spondtech/wp-content/uploads/2023/01/project_img04.jpg]
[ifingerstudio.com/spondtech/wp-content/uploads/2023/01/project_img05.jpg]
[ifingerstudio.com/spondtech/wp-content/uploads/2023/02/project_img06.jpg]
[ifingerstudio.com/spondtech/wp-content/uploads/2023/01/01_blog-770x460.jpg]
[ifingerstudio.com/spondtech/wp-content/uploads/2023/01/02_blog-770x460.jpg]
[ifingerstudio.com/spondtech/wp-content/uploads/2023/01/03_blog-770x460.jpg]
[ifingerstudio.com/spondtech/category/digital/index.html]
[ifingerstudio.com/spondtech/wp-content/uploads/2023/01/newsletter_shape.png]
[ifingerstudio.com/spondtech/author/spondtech_admin/index.html]
[ifingerstudio.com/spondtech/make-life-by-what-you-an-give-in-future/index.html]
[ifingerstudio.com/spondtech/wp-content/uploads/2023/01/footer_bg.png]
[ifingerstudio.com/spondtech/category/tips/index.html]
[ifingerstudio.com/spondtech/tip-for-promotng-your-business-and-creating/index.html]
[ifingerstudio.com/spondtech/wp-content/uploads/2023/03/w_logo.svg]
[ifingerstudio.com/spondtech/category/quick-tips/index.html]
[ifingerstudio.com/spondtech/wp-admin/admin-ajax.php]
[ifingerstudio.com/spondtech/wp-content/plugins/contact-form-7/includes/swv/js/index3960.js]
[ifingerstudio.com/spondtech/wp-content/plugins/contact-form-7/includes/js/index3960.js]
[ifingerstudio.com/spondtech/wp-content/themes/spondtech/assets/js/bootstrap.mincce7.js]
[ifingerstudio.com/spondtech/wp-content/themes/spondtech/assets/js/slick.minae48.js]
[ifingerstudio.com/spondtech/wp-content/themes/spondtech/assets/js/isotope.pkgd.min7c45.js]
[ifingerstudio.com/spondtech/wp-content/themes/spondtech/assets/js/owl.carousel.minae48.js]
[ifingerstudio.com/spondtech/wp-includes/js/imagesloaded.mineda1.js]
[ifingerstudio.com/spondtech/wp-content/themes/spondtech/assets/js/wow.minae48.js]
[ifingerstudio.com/spondtech/wp-content/themes/spondtech/assets/js/gsapae48.js]
[ifingerstudio.com/spondtech/wp-content/themes/spondtech/assets/js/ScrollTriggerae48.js]
[ifingerstudio.com/spondtech/wp-content/themes/spondtech/assets/js/SplitTextae48.js]
[ifingerstudio.com/spondtech/wp-content/themes/spondtech/assets/js/gsap-animationae48.js]
[ifingerstudio.com/spondtech/wp-content/themes/spondtech/assets/js/aosae48.js]
[ifingerstudio.com/spondtech/wp-content/themes/spondtech/assets/js/jquery.appear8a54.js]
[ifingerstudio.com/spondtech/wp-content/themes/spondtech/assets/js/jquery.easypiechart.min8a54.js]
[ifingerstudio.com/spondtech/wp-content/themes/spondtech/assets/js/jquery.counterup.min5152.js]
[ifingerstudio.com/spondtech/wp-content/themes/spondtech/assets/js/jquery.waypoints.minb95e.js]
[ifingerstudio.com/spondtech/wp-content/themes/spondtech/assets/js/pluginsb95e.js]
[ifingerstudio.com/spondtech/wp-content/themes/spondtech/assets/js/popper.minb95e.js]
[ifingerstudio.com/spondtech/wp-content/themes/spondtech/assets/js/nice-selectb95e.js]
[ifingerstudio.com/spondtech/wp-content/themes/spondtech/assets/js/jquery.magnific-popup.minf488.js]
[ifingerstudio.com/spondtech/wp-content/themes/spondtech/assets/js/spondtech-main8a54.js]
[ifingerstudio.com/spondtech/wp-content/plugins/spondtech-master/assets/js/jquery.countdown.minae48.js]
[ifingerstudio.com/spondtech/wp-content/plugins/spondtech-master/assets/js/spondtech-masterae48.js]
[ifingerstudio.com/spondtech/wp-content/plugins/spondtech-master/assets/js/spondtech-elementor-editor68b3.js]
[ifingerstudio.com/spondtech/wp-content/plugins/elementor/assets/js/webpack.runtime.minfb6f.js]
[ifingerstudio.com/spondtech/wp-content/plugins/elementor/assets/js/frontend-modules.minfb6f.js]
[ifingerstudio.com/spondtech/wp-content/plugins/elementor/assets/lib/waypoints/waypoints.min05da.js]
[ifingerstudio.com/spondtech/wp-includes/js/jquery/ui/core.min3f14.js]
[ifingerstudio.com/spondtech/index.html]
[fonts.googleapis.com/index.html]
[ifingerstudio.com/spondtech/wp-content/plugins/elementor/assets/js/frontend.minfb6f.js]
[fonts.gstatic.com/index.html]
[ifingerstudio.com/spondtech/wp-content/plugins/instagram-feed/css/sbi-styles.min6fb3.css]
[ifingerstudio.com/spondtech/wp-includes/css/dist/block-library/style.minae48.css]
[ifingerstudio.com/spondtech/wp-includes/css/classic-themes.minae48.css]
[ifingerstudio.com/spondtech/wp-content/plugins/redux-framework/redux-core/assets/css/extendify-utilities474a.css]
[ifingerstudio.com/spondtech/wp-content/plugins/contact-form-7/includes/css/styles3960.css]
[fonts.gstatic.com/s/dmsans/v11/rP2Ap2ywxg089UriCZawpBqWCXwW.ttf]
[fonts.gstatic.com/s/dmsans/v11/rP2Hp2ywxg089UriCZOIGA.ttf]
[fonts.gstatic.com/s/dmsans/v11/rP2Cp2ywxg089UriAWCrCBimDg.ttf]
[fonts.gstatic.com/s/spacegrotesk/v15/V8mQoQDjQSkFtoMM3T6r8E7mF71Q-gOoraIAEj62UXskPMU.ttf]
[fonts.gstatic.com/s/dmsans/v11/rP2Cp2ywxg089UriASitCBimDg.ttf]
[fonts.googleapis.com/css3257.css]
[fonts.gstatic.com/s/spacegrotesk/v15/V8mQoQDjQSkFtoMM3T6r8E7mF71Q-gOoraIAEj7oUXskPMU.ttf]
[ifingerstudio.com/spondtech/wp-content/themes/spondtech/assets/css/bootstrap.minae48.css]
[ifingerstudio.com/spondtech/wp-content/themes/spondtech/assets/css/animate.minae48.css]
[ifingerstudio.com/spondtech/wp-content/themes/spondtech/assets/css/aosae48.css]
[ifingerstudio.com/spondtech/wp-content/themes/spondtech/assets/css/magnific-popupae48.css]
[fonts.gstatic.com/s/spacegrotesk/v15/V8mQoQDjQSkFtoMM3T6r8E7mF71Q-gOoraIAEj7aUXskPMU.ttf]
[fonts.gstatic.com/s/spacegrotesk/v15/V8mQoQDjQSkFtoMM3T6r8E7mF71Q-gOoraIAEj42VnskPMU.ttf]
[fonts.gstatic.com/s/spacegrotesk/v15/V8mQoQDjQSkFtoMM3T6r8E7mF71Q-gOoraIAEj4PVnskPMU.ttf]
[ifingerstudio.com/spondtech/wp-content/themes/spondtech/assets/fonts/fa-brands-400.eot]
[ifingerstudio.com/spondtech/wp-content/themes/spondtech/assets/fonts/fa-brands-400d41d.eot]
[ifingerstudio.com/spondtech/wp-content/themes/spondtech/assets/fonts/fa-brands-400.woff2]
[ifingerstudio.com/spondtech/wp-content/themes/spondtech/assets/fonts/fa-brands-400.woff]
[ifingerstudio.com/spondtech/wp-content/themes/spondtech/assets/fonts/fa-brands-400.ttf]
[ifingerstudio.com/spondtech/wp-content/themes/spondtech/assets/fonts/fa-light-300.eot]
[ifingerstudio.com/spondtech/wp-content/themes/spondtech/assets/fonts/fa-light-300d41d.eot]
[ifingerstudio.com/spondtech/wp-content/themes/spondtech/assets/fonts/fa-light-300.woff2]
[ifingerstudio.com/spondtech/wp-content/themes/spondtech/assets/fonts/fa-brands-400.svg]
[ifingerstudio.com/spondtech/wp-content/themes/spondtech/assets/fonts/fa-light-300.woff]
[ifingerstudio.com/spondtech/wp-content/themes/spondtech/assets/fonts/fa-light-300.ttf]
[ifingerstudio.com/spondtech/wp-content/themes/spondtech/assets/fonts/fa-regular-400.eot]
[ifingerstudio.com/spondtech/wp-content/themes/spondtech/assets/fonts/fa-regular-400d41d.eot]
[ifingerstudio.com/spondtech/wp-content/themes/spondtech/assets/fonts/fa-regular-400.woff2]
[ifingerstudio.com/spondtech/wp-content/themes/spondtech/assets/fonts/fa-light-300.svg]
[ifingerstudio.com/spondtech/wp-content/themes/spondtech/assets/fonts/fa-regular-400.woff]
[ifingerstudio.com/spondtech/wp-content/themes/spondtech/assets/fonts/fa-regular-400.ttf]
[ifingerstudio.com/spondtech/wp-content/themes/spondtech/assets/fonts/fa-solid-900.eot]
[ifingerstudio.com/spondtech/wp-content/themes/spondtech/assets/fonts/fa-solid-900d41d.eot]
[ifingerstudio.com/spondtech/wp-content/themes/spondtech/assets/fonts/fa-solid-900.woff2]
[ifingerstudio.com/spondtech/wp-content/themes/spondtech/assets/fonts/fa-solid-900.woff]
[ifingerstudio.com/spondtech/wp-content/themes/spondtech/assets/fonts/fa-solid-900.ttf]
[ifingerstudio.com/spondtech/wp-content/themes/spondtech/assets/css/fontawesome-all.minae48.css]
[ifingerstudio.com/spondtech/wp-content/themes/spondtech/assets/css/slickae48.css]
[ifingerstudio.com/spondtech/wp-content/themes/spondtech/assets/css/nice-selectae48.css]
[ifingerstudio.com/spondtech/wp-content/themes/spondtech/assets/css/odometerae48.css]
[ifingerstudio.com/spondtech/wp-includes/fonts/dashicons7d4b.eot]
[ifingerstudio.com/spondtech/wp-includes/fonts/dashicons7d4b.ttf]
[ifingerstudio.com/spondtech/wp-includes/css/dashicons.minae48.css]
[ifingerstudio.com/spondtech/wp-content/themes/img/down-arrow.png]
[ifingerstudio.com/spondtech/wp-content/themes/spondtech/assets/css/gutenberg-customae48.css]
[ifingerstudio.com/spondtech/wp-content/themes/spondtech/assets/fonts/fa-solid-900.svg]
[ifingerstudio.com/spondtech/wp-content/themes/spondtech/assets/img/images/about_shape.png]
[ifingerstudio.com/spondtech/wp-content/themes/spondtech/assets/img/images/line_02.png]
[ifingerstudio.com/spondtech/wp-content/themes/spondtech/assets/img/images/line_04.png]
[ifingerstudio.com/spondtech/wp-content/themes/spondtech/assets/fonts/fa-regular-400.svg]
[ifingerstudio.com/spondtech/wp-content/themes/spondtech/assets/img/bg/video_bg.jpg]
[ifingerstudio.com/spondtech/wp-content/themes/spondtech/assets/img/bg/video_bg02.jpg]
[ifingerstudio.com/spondtech/wp-content/themes/spondtech/assets/img/bg/overview_bg.jpg]
[ifingerstudio.com/spondtech/wp-content/themes/spondtech/assets/img/images/w_line.png]
[ifingerstudio.com/spondtech/wp-content/themes/spondtech/assets/img/bg/work_bg.9b.delayed]
[ifingerstudio.com/spondtech/wp-content/themes/spondtech/assets/img/bg/cta_bg.jpg]
[ifingerstudio.com/spondtech/wp-content/themes/spondtech/assets/img/bg/brand_bg.jpg]
[ifingerstudio.com/spondtech/wp-content/themes/spondtech/assets/img/bg/footer_bg.jpg]
[ifingerstudio.com/spondtech/wp-content/themes/spondtech/assets/img/images/select_down_arrow.png]
[ifingerstudio.com/spondtech/wp-content/themes/spondtech/assets/img/bg/choose_bg.jpg]
[ifingerstudio.com/spondtech/wp-content/themes/spondtech/assets/css/spondtech-mainae48.css]
[ifingerstudio.com/spondtech/wp-content/themes/spondtech/assets/css/spondtech-responsiveae48.css]
[ifingerstudio.com/spondtech/wp-content/themes/spondtech/styleae48.css]
[ifingerstudio.com/spondtech/wp-content/plugins/elementor/assets/lib/eicons/fonts/eiconsd6bb.eot]
[ifingerstudio.com/spondtech/wp-content/plugins/elementor/assets/lib/eicons/fonts/eiconsd6bb.woff2]
[ifingerstudio.com/spondtech/wp-content/plugins/elementor/assets/lib/eicons/fonts/eiconsd6bb.woff]
[ifingerstudio.com/spondtech/wp-content/plugins/elementor/assets/lib/eicons/fonts/eiconsd6bb.ttf]
[ifingerstudio.com/spondtech/wp-content/plugins/elementor/assets/lib/eicons/css/elementor-icons.min3b94.css]
[ifingerstudio.com/spondtech/wp-content/plugins/elementor/assets/css/frontend-lite.minfb6f.css]
[ifingerstudio.com/spondtech/wp-content/plugins/elementor/assets/lib/swiper/css/swiper.min48f5.css]
[ifingerstudio.com/spondtech/wp-content/uploads/elementor/css/post-6d937.css]
[ifingerstudio.com/spondtech/wp-content/uploads/elementor/css/globalf4d8.css]
[ifingerstudio.com/spondtech/wp-content/uploads/2023/01/choose_bg.jpg]
[ifingerstudio.com/spondtech/wp-content/uploads/2023/01/project_bg.jpg]
[ifingerstudio.com/spondtech/wp-content/uploads/elementor/css/post-8f4d8.css]
[ifingerstudio.com/spondtech/wp-content/plugins/elementor/assets/lib/eicons/fonts/eiconsd6bb.svg]
[ifingerstudio.com/spondtech/wp-content/plugins/spondtech-master/assets/fonts/Flaticon.eot]
[ifingerstudio.com/spondtech/wp-content/plugins/spondtech-master/assets/fonts/Flaticond41d.eot]
[ifingerstudio.com/spondtech/wp-content/plugins/spondtech-master/assets/fonts/flaticon.woff2]
[ifingerstudio.com/spondtech/wp-content/plugins/spondtech-master/assets/fonts/flaticon.woff]
[ifingerstudio.com/spondtech/wp-content/plugins/spondtech-master/assets/fonts/flaticon.ttf]
[ifingerstudio.com/spondtech/wp-content/plugins/spondtech-master/assets/fonts/Flaticon.svg]
[ifingerstudio.com/spondtech/wp-content/plugins/spondtech-master/assets/css/flaticonae48.css]
[ifingerstudio.com/spondtech/wp-content/plugins/spondtech-master/assets/css/spondtech-frontendae48.css]
[fonts.gstatic.com/s/dmsans/v11/rP2Fp2ywxg089UriCZa4Hz-G.ttf]
[fonts.googleapis.com/cssc0eb.css]
[fonts.gstatic.com/s/dmsans/v11/rP2Ap2ywxg089UriCZaw7ByWCXwW.ttf]
[fonts.gstatic.com/s/roboto/v30/KFOiCnqEu92Fr1Mu51QrEzAdKg.ttf]
[fonts.gstatic.com/s/roboto/v30/KFOjCnqEu92Fr1Mu51TjASc6CsE.ttf]
[fonts.gstatic.com/s/roboto/v30/KFOkCnqEu92Fr1Mu51xIIzc.ttf]
[fonts.gstatic.com/s/roboto/v30/KFOjCnqEu92Fr1Mu51S7ACc6CsE.ttf]
[fonts.gstatic.com/s/roboto/v30/KFOjCnqEu92Fr1Mu51TzBic6CsE.ttf]
[fonts.gstatic.com/s/roboto/v30/KFOjCnqEu92Fr1Mu51TLBCc6CsE.ttf]
[fonts.gstatic.com/s/roboto/v30/KFOkCnqEu92Fr1MmgVxIIzc.ttf]
[fonts.gstatic.com/s/roboto/v30/KFOlCnqEu92Fr1MmSU5fBBc9.ttf]
[fonts.gstatic.com/s/roboto/v30/KFOmCnqEu92Fr1Mu4mxP.ttf]
[fonts.gstatic.com/s/roboto/v30/KFOlCnqEu92Fr1MmEU9fBBc9.ttf]
[fonts.gstatic.com/s/roboto/v30/KFOlCnqEu92Fr1MmWUlfBBc9.ttf]
[fonts.gstatic.com/s/roboto/v30/KFOlCnqEu92Fr1MmYUtfBBc9.ttf]
[fonts.gstatic.com/s/robotoslab/v24/BngbUXZYTXPIvIBgJJSb6s3BzlRRfKOFbvjojIWmb2Rm.ttf]
[fonts.gstatic.com/s/robotoslab/v24/BngbUXZYTXPIvIBgJJSb6s3BzlRRfKOFbvjoDISmb2Rm.ttf]
[fonts.gstatic.com/s/robotoslab/v24/BngbUXZYTXPIvIBgJJSb6s3BzlRRfKOFbvjo0oSmb2Rm.ttf]
[fonts.gstatic.com/s/robotoslab/v24/BngbUXZYTXPIvIBgJJSb6s3BzlRRfKOFbvjojISmb2Rm.ttf]
[fonts.gstatic.com/s/robotoslab/v24/BngbUXZYTXPIvIBgJJSb6s3BzlRRfKOFbvjovoSmb2Rm.ttf]
[fonts.gstatic.com/s/robotoslab/v24/BngbUXZYTXPIvIBgJJSb6s3BzlRRfKOFbvjoUoOmb2Rm.ttf]
[fonts.gstatic.com/s/robotoslab/v24/BngbUXZYTXPIvIBgJJSb6s3BzlRRfKOFbvjoa4Omb2Rm.ttf]
[fonts.gstatic.com/s/robotoslab/v24/BngbUXZYTXPIvIBgJJSb6s3BzlRRfKOFbvjoDIOmb2Rm.ttf]
[fonts.googleapis.com/cssd847.css]
[ifingerstudio.com/spondtech/wp-content/uploads/2023/03/logo.svg]
[fonts.gstatic.com/s/robotoslab/v24/BngbUXZYTXPIvIBgJJSb6s3BzlRRfKOFbvjoJYOmb2Rm.ttf]
[ifingerstudio.com/spondtech/wp-content/uploads/elementor/css/post-1082f5.css]
[ifingerstudio.com/spondtech/wp-json/wp/v2/pages/10.json]
[ifingerstudio.com/spondtech/wp-json/oembed/1.0/embed4076.json]
[ifingerstudio.com/spondtech/wp-json/oembed/1.0/embedd32e]
[ifingerstudio.com/spondtech/wp-content/uploads/2023/03/w-sticky-03.png]
[ifingerstudio.com/spondtech/wp-content/uploads/2023/03/banner_two_bg.png]
[ifingerstudio.com/spondtech/wp-content/uploads/2023/01/banner_shape.png]
[ifingerstudio.com/spondtech/wp-content/uploads/2023/01/about_img.png]
[ifingerstudio.com/spondtech/wp-content/uploads/2023/01/choose_img01.jpg]
[ifingerstudio.com/spondtech/service/media-marketing/index.html]
[ifingerstudio.com/spondtech/wp-content/uploads/2023/01/h2_project_img01.jpg]
[ifingerstudio.com/spondtech/service/market-research/index.html]
[ifingerstudio.com/spondtech/wp-content/uploads/2023/01/h2_project_img02.jpg]
[ifingerstudio.com/spondtech/wp-content/uploads/2023/01/h2_project_img03.jpg]
[ifingerstudio.com/spondtech/wp-content/uploads/2023/01/h2_project_img04.jpg]
[ifingerstudio.com/spondtech/wp-content/uploads/2023/01/h2_project_img05.jpg]
[ifingerstudio.com/spondtech/wp-content/uploads/2023/01/testimonial-thumb-05.jpg]
[ifingerstudio.com/spondtech/wp-content/uploads/2023/01/testimonial-thumb-04.jpg]
[ifingerstudio.com/spondtech/wp-content/uploads/2023/01/newsletter_bg.jpg]
[ifingerstudio.com/spondtech/wp-content/uploads/2023/01/h2_newsletter_shape.png]
[ifingerstudio.com/spondtech/wp-content/uploads/2023/02/07_blog-770x460.jpg]
[ifingerstudio.com/spondtech/5-ways-technology-has-improved-business-today/index.html]
[ifingerstudio.com/spondtech/ideas-for-high-returns-on-investment/index.html]
[ifingerstudio.com/spondtech/wp-content/uploads/2023/02/10_blog-360x353.jpg]
[ifingerstudio.com/spondtech/wp-content/uploads/2023/02/08_blog-360x353.jpg]
[ifingerstudio.com/spondtech/category/partners/index.html]
[ifingerstudio.com/spondtech/wp-content/uploads/2023/01/h2_footer_bg.png]
[ifingerstudio.com/spondtech/proactive-customer-at-experience-in-idea/index.html]
[ifingerstudio.com/spondtech/wp-content/plugins/mailchimp-for-wp/assets/js/forms6959.js]
[ifingerstudio.com/spondtech/home-two/index.html]
[ifingerstudio.com/spondtech/wp-content/uploads/elementor/css/post-115ff6.css]
[ifingerstudio.com/spondtech/wp-json/wp/v2/pages/11.json]
[ifingerstudio.com/spondtech/wp-json/oembed/1.0/embed66bd.json]
[ifingerstudio.com/spondtech/wp-json/oembed/1.0/embedab65]
[ifingerstudio.com/spondtech/wp-content/uploads/2023/01/h3_banner_main_img.png]
[ifingerstudio.com/spondtech/wp-content/uploads/2023/01/banner_img01.png]
[ifingerstudio.com/spondtech/wp-content/uploads/2023/01/banner_img02.png]
[ifingerstudio.com/spondtech/wp-content/uploads/2023/01/banner_img03.png]
[ifingerstudio.com/spondtech/wp-content/uploads/2023/01/banner_img04.png]
[ifingerstudio.com/spondtech/wp-content/uploads/2023/01/banner_img05.png]
[ifingerstudio.com/spondtech/wp-content/uploads/2023/01/banner_img06.png]
[ifingerstudio.com/spondtech/wp-content/uploads/2023/01/business_img.png]
[ifingerstudio.com/spondtech/wp-content/uploads/2023/01/about_img02.png]
[ifingerstudio.com/spondtech/wp-content/uploads/2023/01/01-team-thumb-410x460.jpg]
[ifingerstudio.com/spondtech/wp-content/uploads/2023/01/02-team-thumb-410x460.jpg]
[ifingerstudio.com/spondtech/wp-content/uploads/2023/01/03-team-thumb-410x460.jpg]
[ifingerstudio.com/spondtech/wp-content/uploads/2023/01/04-team-thumb-410x460.jpg]
[ifingerstudio.com/spondtech/teams/jecy-deoko/index.html]
[ifingerstudio.com/spondtech/wp-content/uploads/2023/01/h3_project_img01.jpg]
[ifingerstudio.com/spondtech/wp-content/uploads/2023/01/h3_project_img02.jpg]
[ifingerstudio.com/spondtech/portfolios/3d-glasses-effect/index.html]
[ifingerstudio.com/spondtech/wp-content/uploads/2023/01/h3_project_img03.jpg]
[ifingerstudio.com/spondtech/portfolios/camera-shutter-count/index.html]
[ifingerstudio.com/spondtech/wp-content/uploads/2023/01/h3_project_img04.jpg]
[ifingerstudio.com/spondtech/wp-content/uploads/2023/01/h3_project_img05.jpg]
[ifingerstudio.com/spondtech/portfolios/air-electricity-generation/index.html]
[ifingerstudio.com/spondtech/wp-content/uploads/2023/01/h3_project_img06.jpg]
[ifingerstudio.com/spondtech/portfolios/vr-box-shinecon/index.html]
[ifingerstudio.com/spondtech/home-three/index.html]
[ifingerstudio.com/spondtech/portfolios/music-studio/index.html]
[ifingerstudio.com/spondtech/wp-content/uploads/elementor/css/post-524ca86.css]
[ifingerstudio.com/spondtech/wp-json/wp/v2/pages/524.json]
[ifingerstudio.com/spondtech/wp-json/oembed/1.0/embedcc1a.json]
[ifingerstudio.com/spondtech/wp-json/oembed/1.0/embed748e]
[ifingerstudio.com/spondtech/wp-content/uploads/2023/03/breadcrumb_bg_01.jpg]
[ifingerstudio.com/spondtech/wp-content/uploads/2023/03/video_bg_01.jpg]
[ifingerstudio.com/spondtech/wp-content/uploads/2023/01/sign.png]
[ifingerstudio.com/spondtech/wp-content/uploads/2023/01/mission-img.jpg]
[ifingerstudio.com/spondtech/wp-content/uploads/2023/01/vision_img.jpg]
[ifingerstudio.com/spondtech/about-us/index.html]
[ifingerstudio.com/spondtech/wp-content/uploads/elementor/css/post-5430a73.css]
[ifingerstudio.com/spondtech/wp-json/wp/v2/pages/543.json]
[ifingerstudio.com/spondtech/wp-json/oembed/1.0/embeddad1.json]
[ifingerstudio.com/spondtech/wp-json/oembed/1.0/embed1643]
[ifingerstudio.com/spondtech/why-choose-us/index.html]
[ifingerstudio.com/spondtech/wp-content/uploads/elementor/css/post-5538fe9.css]
[ifingerstudio.com/spondtech/wp-json/wp/v2/pages/553.json]
[ifingerstudio.com/spondtech/wp-json/oembed/1.0/embed1587]
[ifingerstudio.com/spondtech/help-faq/index.html]
[ifingerstudio.com/spondtech/wp-content/uploads/elementor/css/post-5648fe9.css]
[ifingerstudio.com/spondtech/wp-json/wp/v2/pages/564.json]
[ifingerstudio.com/spondtech/wp-json/oembed/1.0/embed29c3.json]
[ifingerstudio.com/spondtech/wp-json/oembed/1.0/embedda92]
[ifingerstudio.com/spondtech/wp-content/uploads/2023/01/timeline-thumb-4.jpg]
[ifingerstudio.com/spondtech/wp-content/uploads/2023/01/timeline-thumb-3.jpg]
[ifingerstudio.com/spondtech/wp-content/uploads/2023/01/timeline-thumb-2.jpg]
[ifingerstudio.com/spondtech/wp-content/uploads/2023/01/timeline-thumb-1.jpg]
[ifingerstudio.com/spondtech/our-history/index.html]
[ifingerstudio.com/spondtech/wp-content/uploads/elementor/css/post-57839b4.css]
[ifingerstudio.com/spondtech/wp-json/wp/v2/pages/578.json]
[ifingerstudio.com/spondtech/wp-json/oembed/1.0/embedaddc.json]
[ifingerstudio.com/spondtech/wp-json/oembed/1.0/embed3255]
[ifingerstudio.com/spondtech/it-solutions/index.html]
[ifingerstudio.com/spondtech/wp-content/uploads/elementor/css/post-58639b4.css]
[ifingerstudio.com/spondtech/wp-json/wp/v2/pages/586.json]
[ifingerstudio.com/spondtech/wp-json/oembed/1.0/embedb251.json]
[ifingerstudio.com/spondtech/wp-json/oembed/1.0/embed80ee]
[ifingerstudio.com/spondtech/wp-content/uploads/2023/01/01-team-thumb.jpg]
[ifingerstudio.com/spondtech/wp-content/uploads/2023/01/02-team-thumb.jpg]
[ifingerstudio.com/spondtech/wp-content/uploads/2023/01/03-team-thumb.jpg]
[ifingerstudio.com/spondtech/wp-content/uploads/2023/01/04-team-thumb.jpg]
[ifingerstudio.com/spondtech/it-services/index.html]
[ifingerstudio.com/spondtech/wp-content/uploads/elementor/css/post-594086e.css]
[ifingerstudio.com/spondtech/wp-json/wp/v2/pages/594.json]
[ifingerstudio.com/spondtech/wp-json/oembed/1.0/embed60d7.json]
[ifingerstudio.com/spondtech/wp-json/oembed/1.0/embed48cb]
[ifingerstudio.com/spondtech/it-services-two/index.html]
[ifingerstudio.com/spondtech/wp-json/oembed/1.0/embedd856.json]
[ifingerstudio.com/spondtech/wp-json/oembed/1.0/embedbec2]
[ifingerstudio.com/spondtech/wp-content/uploads/2023/01/project_img07.jpg]
[ifingerstudio.com/spondtech/wp-content/uploads/2023/01/services_details_img.jpg]
[ifingerstudio.com/spondtech/service/analytic-solutions/index.html]
[ifingerstudio.com/spondtech/service/index.html]
[ifingerstudio.com/spondtech/service-category/advertising/index.html]
[ifingerstudio.com/spondtech/service-category/business/index.html]
[ifingerstudio.com/spondtech/service-category/consulting/index.html]
[ifingerstudio.com/spondtech/wp-content/uploads/elementor/css/post-60560d1.css]
[ifingerstudio.com/spondtech/service-category/digital-studio/index.html]
[ifingerstudio.com/spondtech/service-category/investment/index.html]
[ifingerstudio.com/spondtech/wp-json/wp/v2/pages/605.json]
[ifingerstudio.com/spondtech/service-category/security/index.html]
[ifingerstudio.com/spondtech/service-category/solutions/index.html]
[ifingerstudio.com/spondtech/wp-json/oembed/1.0/embed0bfa.json]
[ifingerstudio.com/spondtech/wp-json/oembed/1.0/embed084f]
[ifingerstudio.com/spondtech/wp-content/uploads/2023/01/05-team-thumb.jpg]
[ifingerstudio.com/spondtech/wp-content/uploads/2023/01/06-team-thumb.jpg]
[ifingerstudio.com/spondtech/teams/andrew-kinzer/index.html]
[ifingerstudio.com/spondtech/teams/christina-torres/index.html]
[ifingerstudio.com/spondtech/team-layout-one/index.html]
[ifingerstudio.com/spondtech/wp-content/uploads/elementor/css/post-61060d1.css]
[ifingerstudio.com/spondtech/wp-json/wp/v2/pages/610.json]
[ifingerstudio.com/spondtech/wp-json/oembed/1.0/embed0d1d.json]
[ifingerstudio.com/spondtech/wp-json/oembed/1.0/embedf280]
[ifingerstudio.com/spondtech/wp-content/uploads/2023/01/05-team-thumb-410x460.jpg]
[ifingerstudio.com/spondtech/wp-content/uploads/2023/01/06-team-thumb-410x460.jpg]
[ifingerstudio.com/spondtech/wp-content/uploads/2023/01/07-team-thumb-410x460.jpg]
[ifingerstudio.com/spondtech/wp-content/uploads/2023/01/08-team-thumb-410x460.jpg]
[ifingerstudio.com/spondtech/team-layout-two/index.html]
[ifingerstudio.com/spondtech/teams/robert-cooper/index.html]
[ifingerstudio.com/spondtech/teams/samuel-peters/index.html]
[ifingerstudio.com/spondtech/wp-json/oembed/1.0/embed54b9.json]
[ifingerstudio.com/spondtech/wp-json/oembed/1.0/embedb2d3]
[ifingerstudio.com/spondtech/wp-content/uploads/2023/01/07-team-thumb.jpg]
[ifingerstudio.com/spondtech/wp-content/uploads/2023/01/08-team-thumb.jpg]
[ifingerstudio.com/spondtech/teams/robert-amplilian/index.html]
[ifingerstudio.com/spondtech/404.html]
[ifingerstudio.com/spondtech/teams/index.html]
[ifingerstudio.com/spondtech/wp-content/uploads/elementor/css/post-86960d1.css]
[ifingerstudio.com/spondtech/wp-json/wp/v2/pages/869.json]
[ifingerstudio.com/spondtech/wp-json/oembed/1.0/embed8f5a.json]
[ifingerstudio.com/spondtech/wp-json/oembed/1.0/embed6d01]
[ifingerstudio.com/spondtech/wp-content/uploads/2023/01/project_img06.jpg]
[ifingerstudio.com/spondtech/wp-content/uploads/2023/01/project_img08.jpg]
[ifingerstudio.com/spondtech/wp-content/uploads/2023/01/project_img09.jpg]
[ifingerstudio.com/spondtech/wp-content/uploads/2023/01/project_img10.jpg]
[ifingerstudio.com/spondtech/wp-content/uploads/2023/01/project_img11.jpg]
[ifingerstudio.com/spondtech/wp-content/uploads/2023/01/project_img12.jpg]
[ifingerstudio.com/spondtech/case-studies-01/index.html]
[ifingerstudio.com/spondtech/wp-content/uploads/elementor/css/post-871c4c4.css]
[ifingerstudio.com/spondtech/wp-json/wp/v2/pages/871.json]
[ifingerstudio.com/spondtech/wp-json/oembed/1.0/embed49f7.json]
[ifingerstudio.com/spondtech/wp-json/oembed/1.0/embed058a]
[ifingerstudio.com/spondtech/wp-content/uploads/2023/02/inner_project01.jpg]
[ifingerstudio.com/spondtech/wp-content/uploads/2023/02/inner_project02.jpg]
[ifingerstudio.com/spondtech/wp-content/uploads/2023/02/inner_project03.jpg]
[ifingerstudio.com/spondtech/wp-content/uploads/2023/02/inner_project04.jpg]
[ifingerstudio.com/spondtech/wp-content/uploads/2023/02/inner_project05.jpg]
[ifingerstudio.com/spondtech/wp-content/uploads/2023/02/inner_project06.jpg]
[ifingerstudio.com/spondtech/wp-content/uploads/2023/02/inner_project07.jpg]
[ifingerstudio.com/spondtech/wp-content/uploads/2023/02/inner_project08.jpg]
[ifingerstudio.com/spondtech/wp-content/uploads/2023/02/inner_project09.jpg]
[ifingerstudio.com/spondtech/wp-content/uploads/2023/02/inner_project10.jpg]
[ifingerstudio.com/spondtech/wp-content/uploads/2023/02/inner_project11.jpg]
[ifingerstudio.com/spondtech/wp-content/uploads/2023/02/inner_project12.jpg]
[ifingerstudio.com/spondtech/case-studies-02/index.html]
[ifingerstudio.com/spondtech/wp-content/uploads/elementor/css/post-873ee1d.css]
[ifingerstudio.com/spondtech/wp-json/wp/v2/pages/873.json]
[ifingerstudio.com/spondtech/wp-json/oembed/1.0/embed77c7.json]
[ifingerstudio.com/spondtech/wp-json/oembed/1.0/embed4582]
[ifingerstudio.com/spondtech/wp-content/uploads/2023/02/h3_project_img07.jpg]
[ifingerstudio.com/spondtech/portfolios/new-headphone/index.html]
[ifingerstudio.com/spondtech/wp-content/uploads/2023/02/h3_project_img08.jpg]
[ifingerstudio.com/spondtech/portfolios/camera-world/index.html]
[ifingerstudio.com/spondtech/wp-content/uploads/2023/02/h3_project_img09.jpg]
[ifingerstudio.com/spondtech/portfolios/airpods-pro/index.html]
[ifingerstudio.com/spondtech/case-studies-03/index.html]
[ifingerstudio.com/spondtech/wp-json/oembed/1.0/embed72f4.json]
[ifingerstudio.com/spondtech/wp-json/oembed/1.0/embed800c]
[ifingerstudio.com/spondtech/wp-content/uploads/2023/01/project_details_img01.jpg]
[ifingerstudio.com/spondtech/wp-content/uploads/2023/01/project_details_img02.jpg]
[ifingerstudio.com/spondtech/portfolios/index.html]
[ifingerstudio.com/spondtech/wp-content/uploads/2023/01/project_details_img03.jpg]
[ifingerstudio.com/spondtech/wp-content/uploads/2023/01/project_details_img04.jpg]
[ifingerstudio.com/spondtech/portfolios/business-analytics/index.html]
[ifingerstudio.com/spondtech/wp-content/uploads/2023/01/01_blog.jpg]
[ifingerstudio.com/spondtech/wp-content/uploads/2023/01/02_blog.jpg]
[ifingerstudio.com/spondtech/wp-content/uploads/2023/01/03_blog.jpg]
[ifingerstudio.com/spondtech/wp-content/uploads/2023/01/01_blog-140x140.jpg]
[ifingerstudio.com/spondtech/blog/page/3/index.html]
[ifingerstudio.com/spondtech/wp-content/uploads/2023/01/02_blog-140x140.jpg]
[ifingerstudio.com/spondtech/wp-content/uploads/2023/01/03_blog-140x140.jpg]
[ifingerstudio.com/spondtech/blog/page/2/index.html]
[ifingerstudio.com/spondtech/wp-content/uploads/2023/01/04_blog-140x140.jpg]
[ifingerstudio.com/spondtech/blog/index.html]
[ifingerstudio.com/spondtech/category/apps/index.html]
[ifingerstudio.com/spondtech/category/tech/index.html]
[ifingerstudio.com/spondtech/designing-for-smartphone-tips-and-tricks/index.html]
[ifingerstudio.com/spondtech/tag/apps/index.html]
[ifingerstudio.com/spondtech/wp-content/uploads/elementor/css/post-6606ea3.css]
[ifingerstudio.com/spondtech/tag/business/index.html]
[ifingerstudio.com/spondtech/tag/design/index.html]
[ifingerstudio.com/spondtech/wp-json/wp/v2/pages/660.json]
[ifingerstudio.com/spondtech/tag/feature/index.html]
[ifingerstudio.com/spondtech/tag/idea/index.html]
[ifingerstudio.com/spondtech/wp-json/oembed/1.0/embed8677.json]
[ifingerstudio.com/spondtech/tag/modern/index.html]
[ifingerstudio.com/spondtech/tag/tech/index.html]
[ifingerstudio.com/spondtech/wp-json/oembed/1.0/embedc34d]
[ifingerstudio.com/spondtech/tag/web/index.html]
[ifingerstudio.com/spondtech/wp-content/uploads/2023/01/04_blog-770x460.jpg]
[ifingerstudio.com/spondtech/wp-content/uploads/2023/01/05_blog-770x460.jpg]
[ifingerstudio.com/spondtech/tip-for-promotng-your-business-and-creating-2/index.html]
[ifingerstudio.com/spondtech/wp-content/uploads/2023/01/06_blog-770x460.jpg]
[ifingerstudio.com/spondtech/wp-content/uploads/2023/02/10_blog-770x460.jpg]
[ifingerstudio.com/spondtech/wp-content/uploads/2023/02/08_blog-770x460.jpg]
[ifingerstudio.com/spondtech/technology-allows-profit-to-serve-the-community-2/index.html]
[ifingerstudio.com/spondtech/blog-grid/index.html]
[ifingerstudio.com/spondtech/wp-json/wp/v2/posts/1.json]
[ifingerstudio.com/spondtech/technology-allows-profit-to-serve-the-community/feed/index.html]
[ifingerstudio.com/spondtech/wp-json/oembed/1.0/embedc45b.json]
[ifingerstudio.com/spondtech/wp-json/oembed/1.0/embedcf56]
[ifingerstudio.com/spondtech/xmlrpc.php]
[ifingerstudio.com/spondtech/wp-includes/js/comment-reply.minae48.js]
[ifingerstudio.com/spondtech/technology-allows-profit-to-serve-the-community/index.html]
[ifingerstudio.com/spondtech/technology-allows-profit-to-serve-the-community/index6809.html]
[ifingerstudio.com/spondtech/wp-content/uploads/elementor/css/post-6183c48.css]
[ifingerstudio.com/spondtech/wp-json/wp/v2/pages/618.json]
[ifingerstudio.com/spondtech/wp-json/oembed/1.0/embededd7.json]
[ifingerstudio.com/spondtech/wp-json/oembed/1.0/embed42f9]
[ifingerstudio.com/spondtech/wp-content/uploads/2023/01/contact_img.jpg]
[ifingerstudio.com/spondtech/contact-us/index.html]
[ifingerstudio.com/spondtech/wp-json/oembed/1.0/embed6c52.json]
